/home/derek_austin/dinov3/.venv/lib/python3.12/site-packages/pydantic/_internal/_generate_schema.py:2249: UnsupportedFieldAttributeWarning: The 'repr' attribute with value False was provided to the `Field()` function, which has no effect in the context it was used. 'repr' is field-specific metadata, and can only be attached to a model field using `Annotated` metadata or by assignment. This may have happened because an `Annotated` type alias using the `type` statement was used, or if the `Field()` function was attached to a single member of a union type.
  warnings.warn(
/home/derek_austin/dinov3/.venv/lib/python3.12/site-packages/pydantic/_internal/_generate_schema.py:2249: UnsupportedFieldAttributeWarning: The 'frozen' attribute with value True was provided to the `Field()` function, which has no effect in the context it was used. 'frozen' is field-specific metadata, and can only be attached to a model field using `Annotated` metadata or by assignment. This may have happened because an `Annotated` type alias using the `type` statement was used, or if the `Field()` function was attached to a single member of a union type.
  warnings.warn(
wandb: Currently logged in as: dcaustin33 to https://api.wandb.ai. Use `wandb login --relogin` to force relogin
wandb: Tracking run with wandb version 0.22.2
wandb: Run data is saved locally in checkpoints/trm_imagenet/wandb/run-20251020_155909-iap3xrzu
wandb: Run `wandb offline` to turn off syncing.
wandb: Syncing run trm_imagenet
wandb: ⭐️ View project at https://wandb.ai/dcaustin33/trm-imagenet
wandb: 🚀 View run at https://wandb.ai/dcaustin33/trm-imagenet/runs/iap3xrzu

================================================================================
Training Configuration
================================================================================
  activation: swiglu
  amp: True
  backbone: vit_small
  backbone_checkpoint: /home/derek_austin/dinov3/pretrained_checkpoints/dinov3_vits16_pretrain.pth
  batch_size: 256
  data_root: /home/derek_austin/dinov3/imagenet
  dataset: imagenet
  device: cuda
  epochs: 10
  eval_batch_size: 256
  eval_freq: 1
  experiment_name: trm_imagenet
  freeze_backbone: True
  grad_clip: 1.0
  hidden_dim_multiplier: 1.0
  images_dtype: torch.float32
  latent_y_dim: 256
  latent_z_dim: 256
  learning_rate: 0.0001
  log_interval: 50
  mlp_num_layers: 2
  momentum: 0.9
  n_latent_reasoning_steps: 3
  n_supervision: 4
  num_classes: 1000
  num_workers: 12
  optimizer: adamw
  patch_size: 14
  pin_memory: True
  resolution: 512
  resume: None
  save_dir: ./checkpoints
  save_freq: 2
  save_path: checkpoints/trm_imagenet
  seed: 42
  t_recursion_steps: 2
  use_simple_mlp: False
  use_wandb: True
  wandb_entity: None
  wandb_project: trm-imagenet
  warmup_epochs: 1
  weight_decay: 0.0
================================================================================

Saved configuration to checkpoints/trm_imagenet/config.json

Creating data loaders...
[Warning] Custom resolution 512 used instead of default 448 (for 1024 tokens).
Loading ImageNet dataset from /home/derek_austin/dinov3/imagenet
Train dataset: 1281167 images
Val dataset: 50000 images
Train batches: 5004
Val batches: 196

Building model...
Loading backbone checkpoint from /home/derek_austin/dinov3/pretrained_checkpoints/dinov3_vits16_pretrain.pth
Freezing backbone parameters
Using TRM classifier with 4 supervision steps
Total parameters: 30,344,832
Trainable parameters: 8,743,680

Building optimizer...
Optimizing only TRM parameters (backbone frozen)
latent_y_embedding torch.Size([1, 256])
latent_z_embedding torch.Size([1, 256])
cls_head.weight torch.Size([1000, 256])
q_head.weight torch.Size([1, 256])
net.0.0.weight torch.Size([896, 896])
net.0.1.gate_up_proj.weight torch.Size([2560, 896])
net.0.1.down_proj.weight torch.Size([896, 1280])
net.1.0.weight torch.Size([896, 896])
net.1.1.gate_up_proj.weight torch.Size([2560, 896])
net.1.1.down_proj.weight torch.Size([896, 1280])
Gradient clipping enabled with max norm: 1.0
Using warmup for 1 epochs + cosine decay

================================================================================
Starting Training
================================================================================


Epoch 1/10
--------------------------------------------------------------------------------
/home/derek_austin/dinov3/.venv/lib/python3.12/site-packages/PIL/TiffImagePlugin.py:759: UserWarning: Metadata Warning, tag 274 had too many entries: 4, expected 1
  warnings.warn(
/home/derek_austin/dinov3/.venv/lib/python3.12/site-packages/PIL/TiffImagePlugin.py:949: UserWarning: Corrupt EXIF data.  Expecting to read 2 bytes but only got 0. 
  warnings.warn(str(msg))
/home/derek_austin/dinov3/.venv/lib/python3.12/site-packages/PIL/TiffImagePlugin.py:949: UserWarning: Corrupt EXIF data.  Expecting to read 2 bytes but only got 0. 
  warnings.warn(str(msg))
/home/derek_austin/dinov3/.venv/lib/python3.12/site-packages/PIL/TiffImagePlugin.py:949: UserWarning: Corrupt EXIF data.  Expecting to read 2 bytes but only got 0. 
  warnings.warn(str(msg))
/home/derek_austin/dinov3/.venv/lib/python3.12/site-packages/PIL/TiffImagePlugin.py:949: UserWarning: Corrupt EXIF data.  Expecting to read 2 bytes but only got 0. 
  warnings.warn(str(msg))
/home/derek_austin/dinov3/.venv/lib/python3.12/site-packages/PIL/TiffImagePlugin.py:949: UserWarning: Corrupt EXIF data.  Expecting to read 2 bytes but only got 0. 
  warnings.warn(str(msg))
/home/derek_austin/dinov3/.venv/lib/python3.12/site-packages/PIL/TiffImagePlugin.py:949: UserWarning: Corrupt EXIF data.  Expecting to read 2 bytes but only got 0. 
  warnings.warn(str(msg))
/home/derek_austin/dinov3/.venv/lib/python3.12/site-packages/PIL/TiffImagePlugin.py:759: UserWarning: Metadata Warning, tag 274 had too many entries: 4, expected 1
  warnings.warn(
/home/derek_austin/dinov3/.venv/lib/python3.12/site-packages/PIL/TiffImagePlugin.py:949: UserWarning: Corrupt EXIF data.  Expecting to read 4 bytes but only got 0. 
  warnings.warn(str(msg))
/home/derek_austin/dinov3/.venv/lib/python3.12/site-packages/PIL/TiffImagePlugin.py:949: UserWarning: Corrupt EXIF data.  Expecting to read 2 bytes but only got 0. 
  warnings.warn(str(msg))
/home/derek_austin/dinov3/.venv/lib/python3.12/site-packages/PIL/TiffImagePlugin.py:949: UserWarning: Truncated File Read
  warnings.warn(str(msg))
Epoch [1/10] Batch [50/5004] Loss: 7.5664 Acc: 0.0013 Stop@: 2.33 LR: 0.000001 Speed: 0.58 batch/s
Epoch [1/10] Batch [100/5004] Loss: 7.5566 Acc: 0.0010 Stop@: 2.49 LR: 0.000002 Speed: 0.62 batch/s
Epoch [1/10] Batch [150/5004] Loss: 7.5390 Acc: 0.0009 Stop@: 2.77 LR: 0.000003 Speed: 0.64 batch/s
Epoch [1/10] Batch [200/5004] Loss: 7.5074 Acc: 0.0011 Stop@: 3.04 LR: 0.000004 Speed: 0.64 batch/s
Epoch [1/10] Batch [250/5004] Loss: 7.4524 Acc: 0.0011 Stop@: 3.23 LR: 0.000005 Speed: 0.65 batch/s
Epoch [1/10] Batch [300/5004] Loss: 7.3853 Acc: 0.0012 Stop@: 3.36 LR: 0.000006 Speed: 0.65 batch/s
Epoch [1/10] Batch [350/5004] Loss: 7.3253 Acc: 0.0013 Stop@: 3.45 LR: 0.000007 Speed: 0.65 batch/s
Epoch [1/10] Batch [400/5004] Loss: 7.2715 Acc: 0.0017 Stop@: 3.52 LR: 0.000008 Speed: 0.66 batch/s
Epoch [1/10] Batch [450/5004] Loss: 7.2245 Acc: 0.0027 Stop@: 3.57 LR: 0.000009 Speed: 0.66 batch/s
Epoch [1/10] Batch [500/5004] Loss: 7.1805 Acc: 0.0042 Stop@: 3.62 LR: 0.000010 Speed: 0.66 batch/s
Epoch [1/10] Batch [550/5004] Loss: 7.1367 Acc: 0.0061 Stop@: 3.65 LR: 0.000011 Speed: 0.66 batch/s
Epoch [1/10] Batch [600/5004] Loss: 7.0886 Acc: 0.0085 Stop@: 3.68 LR: 0.000012 Speed: 0.66 batch/s
Epoch [1/10] Batch [650/5004] Loss: 7.0347 Acc: 0.0110 Stop@: 3.70 LR: 0.000013 Speed: 0.66 batch/s
Epoch [1/10] Batch [700/5004] Loss: 6.9768 Acc: 0.0139 Stop@: 3.72 LR: 0.000014 Speed: 0.66 batch/s
Epoch [1/10] Batch [750/5004] Loss: 6.9142 Acc: 0.0171 Stop@: 3.73 LR: 0.000015 Speed: 0.66 batch/s
Epoch [1/10] Batch [800/5004] Loss: 6.8487 Acc: 0.0203 Stop@: 3.74 LR: 0.000016 Speed: 0.66 batch/s
Epoch [1/10] Batch [850/5004] Loss: 6.7802 Acc: 0.0239 Stop@: 3.74 LR: 0.000017 Speed: 0.66 batch/s
Epoch [1/10] Batch [900/5004] Loss: 6.7114 Acc: 0.0277 Stop@: 3.74 LR: 0.000018 Speed: 0.66 batch/s
Epoch [1/10] Batch [950/5004] Loss: 6.6395 Acc: 0.0319 Stop@: 3.74 LR: 0.000019 Speed: 0.66 batch/s
Epoch [1/10] Batch [1000/5004] Loss: 6.5666 Acc: 0.0361 Stop@: 3.74 LR: 0.000020 Speed: 0.66 batch/s
Epoch [1/10] Batch [1050/5004] Loss: 6.4932 Acc: 0.0404 Stop@: 3.73 LR: 0.000021 Speed: 0.66 batch/s
Epoch [1/10] Batch [1100/5004] Loss: 6.4211 Acc: 0.0447 Stop@: 3.73 LR: 0.000022 Speed: 0.66 batch/s
Epoch [1/10] Batch [1150/5004] Loss: 6.3467 Acc: 0.0492 Stop@: 3.72 LR: 0.000023 Speed: 0.66 batch/s
Epoch [1/10] Batch [1200/5004] Loss: 6.2737 Acc: 0.0540 Stop@: 3.71 LR: 0.000024 Speed: 0.66 batch/s
Epoch [1/10] Batch [1250/5004] Loss: 6.2016 Acc: 0.0589 Stop@: 3.70 LR: 0.000025 Speed: 0.66 batch/s
Epoch [1/10] Batch [1300/5004] Loss: 6.1305 Acc: 0.0638 Stop@: 3.68 LR: 0.000026 Speed: 0.66 batch/s
Epoch [1/10] Batch [1350/5004] Loss: 6.0617 Acc: 0.0690 Stop@: 3.67 LR: 0.000027 Speed: 0.66 batch/s
Epoch [1/10] Batch [1400/5004] Loss: 5.9945 Acc: 0.0741 Stop@: 3.65 LR: 0.000028 Speed: 0.66 batch/s
Epoch [1/10] Batch [1450/5004] Loss: 5.9282 Acc: 0.0797 Stop@: 3.64 LR: 0.000029 Speed: 0.66 batch/s
Epoch [1/10] Batch [1500/5004] Loss: 5.8622 Acc: 0.0849 Stop@: 3.62 LR: 0.000030 Speed: 0.66 batch/s
Epoch [1/10] Batch [1550/5004] Loss: 5.7991 Acc: 0.0905 Stop@: 3.60 LR: 0.000031 Speed: 0.66 batch/s
Epoch [1/10] Batch [1600/5004] Loss: 5.7389 Acc: 0.0960 Stop@: 3.58 LR: 0.000032 Speed: 0.66 batch/s
Epoch [1/10] Batch [1650/5004] Loss: 5.6799 Acc: 0.1015 Stop@: 3.56 LR: 0.000033 Speed: 0.66 batch/s
Epoch [1/10] Batch [1700/5004] Loss: 5.6233 Acc: 0.1070 Stop@: 3.54 LR: 0.000034 Speed: 0.66 batch/s
Epoch [1/10] Batch [1750/5004] Loss: 5.5678 Acc: 0.1123 Stop@: 3.51 LR: 0.000035 Speed: 0.66 batch/s
Epoch [1/10] Batch [1800/5004] Loss: 5.5133 Acc: 0.1179 Stop@: 3.49 LR: 0.000036 Speed: 0.66 batch/s
Epoch [1/10] Batch [1850/5004] Loss: 5.4621 Acc: 0.1234 Stop@: 3.47 LR: 0.000037 Speed: 0.66 batch/s
Epoch [1/10] Batch [1900/5004] Loss: 5.4106 Acc: 0.1288 Stop@: 3.44 LR: 0.000038 Speed: 0.66 batch/s
Epoch [1/10] Batch [1950/5004] Loss: 5.3606 Acc: 0.1341 Stop@: 3.42 LR: 0.000039 Speed: 0.66 batch/s
Epoch [1/10] Batch [2000/5004] Loss: 5.3130 Acc: 0.1394 Stop@: 3.40 LR: 0.000040 Speed: 0.66 batch/s
Epoch [1/10] Batch [2050/5004] Loss: 5.2665 Acc: 0.1448 Stop@: 3.38 LR: 0.000041 Speed: 0.66 batch/s
Epoch [1/10] Batch [2100/5004] Loss: 5.2217 Acc: 0.1498 Stop@: 3.35 LR: 0.000042 Speed: 0.66 batch/s
Epoch [1/10] Batch [2150/5004] Loss: 5.1781 Acc: 0.1550 Stop@: 3.33 LR: 0.000043 Speed: 0.67 batch/s
Epoch [1/10] Batch [2200/5004] Loss: 5.1361 Acc: 0.1599 Stop@: 3.31 LR: 0.000044 Speed: 0.67 batch/s
Epoch [1/10] Batch [2250/5004] Loss: 5.0949 Acc: 0.1648 Stop@: 3.29 LR: 0.000045 Speed: 0.67 batch/s
Epoch [1/10] Batch [2300/5004] Loss: 5.0546 Acc: 0.1697 Stop@: 3.26 LR: 0.000046 Speed: 0.67 batch/s
Epoch [1/10] Batch [2350/5004] Loss: 5.0155 Acc: 0.1746 Stop@: 3.24 LR: 0.000047 Speed: 0.67 batch/s
Epoch [1/10] Batch [2400/5004] Loss: 4.9784 Acc: 0.1791 Stop@: 3.22 LR: 0.000048 Speed: 0.67 batch/s
Epoch [1/10] Batch [2450/5004] Loss: 4.9411 Acc: 0.1837 Stop@: 3.20 LR: 0.000049 Speed: 0.67 batch/s
Epoch [1/10] Batch [2500/5004] Loss: 4.9055 Acc: 0.1882 Stop@: 3.18 LR: 0.000050 Speed: 0.67 batch/s
Epoch [1/10] Batch [2550/5004] Loss: 4.8710 Acc: 0.1925 Stop@: 3.16 LR: 0.000051 Speed: 0.67 batch/s
Epoch [1/10] Batch [2600/5004] Loss: 4.8377 Acc: 0.1968 Stop@: 3.14 LR: 0.000052 Speed: 0.67 batch/s
Epoch [1/10] Batch [2650/5004] Loss: 4.8056 Acc: 0.2012 Stop@: 3.11 LR: 0.000053 Speed: 0.67 batch/s
Epoch [1/10] Batch [2700/5004] Loss: 4.7735 Acc: 0.2054 Stop@: 3.10 LR: 0.000054 Speed: 0.67 batch/s
Epoch [1/10] Batch [2750/5004] Loss: 4.7428 Acc: 0.2095 Stop@: 3.08 LR: 0.000055 Speed: 0.67 batch/s
Epoch [1/10] Batch [2800/5004] Loss: 4.7127 Acc: 0.2132 Stop@: 3.06 LR: 0.000056 Speed: 0.67 batch/s
Epoch [1/10] Batch [2850/5004] Loss: 4.6840 Acc: 0.2170 Stop@: 3.04 LR: 0.000057 Speed: 0.67 batch/s
Epoch [1/10] Batch [2900/5004] Loss: 4.6566 Acc: 0.2208 Stop@: 3.02 LR: 0.000058 Speed: 0.67 batch/s
Epoch [1/10] Batch [2950/5004] Loss: 4.6293 Acc: 0.2246 Stop@: 3.00 LR: 0.000059 Speed: 0.67 batch/s
Epoch [1/10] Batch [3000/5004] Loss: 4.6025 Acc: 0.2281 Stop@: 2.98 LR: 0.000060 Speed: 0.67 batch/s
Epoch [1/10] Batch [3050/5004] Loss: 4.5762 Acc: 0.2318 Stop@: 2.96 LR: 0.000061 Speed: 0.67 batch/s
Epoch [1/10] Batch [3100/5004] Loss: 4.5505 Acc: 0.2352 Stop@: 2.95 LR: 0.000062 Speed: 0.67 batch/s
Epoch [1/10] Batch [3150/5004] Loss: 4.5257 Acc: 0.2384 Stop@: 2.93 LR: 0.000063 Speed: 0.67 batch/s
Epoch [1/10] Batch [3200/5004] Loss: 4.5014 Acc: 0.2419 Stop@: 2.91 LR: 0.000064 Speed: 0.67 batch/s
Epoch [1/10] Batch [3250/5004] Loss: 4.4770 Acc: 0.2456 Stop@: 2.89 LR: 0.000065 Speed: 0.67 batch/s
Epoch [1/10] Batch [3300/5004] Loss: 4.4533 Acc: 0.2490 Stop@: 2.88 LR: 0.000066 Speed: 0.67 batch/s
Epoch [1/10] Batch [3350/5004] Loss: 4.4306 Acc: 0.2524 Stop@: 2.86 LR: 0.000067 Speed: 0.67 batch/s
Epoch [1/10] Batch [3400/5004] Loss: 4.4084 Acc: 0.2557 Stop@: 2.84 LR: 0.000068 Speed: 0.67 batch/s
Epoch [1/10] Batch [3450/5004] Loss: 4.3866 Acc: 0.2588 Stop@: 2.83 LR: 0.000069 Speed: 0.67 batch/s
Epoch [1/10] Batch [3500/5004] Loss: 4.3658 Acc: 0.2620 Stop@: 2.81 LR: 0.000070 Speed: 0.67 batch/s
Epoch [1/10] Batch [3550/5004] Loss: 4.3455 Acc: 0.2649 Stop@: 2.80 LR: 0.000071 Speed: 0.67 batch/s
Epoch [1/10] Batch [3600/5004] Loss: 4.3251 Acc: 0.2679 Stop@: 2.78 LR: 0.000072 Speed: 0.67 batch/s
Epoch [1/10] Batch [3650/5004] Loss: 4.3058 Acc: 0.2706 Stop@: 2.77 LR: 0.000073 Speed: 0.67 batch/s
Epoch [1/10] Batch [3700/5004] Loss: 4.2871 Acc: 0.2732 Stop@: 2.75 LR: 0.000074 Speed: 0.67 batch/s
Epoch [1/10] Batch [3750/5004] Loss: 4.2686 Acc: 0.2761 Stop@: 2.74 LR: 0.000075 Speed: 0.67 batch/s
Epoch [1/10] Batch [3800/5004] Loss: 4.2502 Acc: 0.2787 Stop@: 2.73 LR: 0.000076 Speed: 0.67 batch/s
Epoch [1/10] Batch [3850/5004] Loss: 4.2328 Acc: 0.2815 Stop@: 2.71 LR: 0.000077 Speed: 0.67 batch/s
Epoch [1/10] Batch [3900/5004] Loss: 4.2142 Acc: 0.2841 Stop@: 2.70 LR: 0.000078 Speed: 0.67 batch/s
Epoch [1/10] Batch [3950/5004] Loss: 4.1970 Acc: 0.2867 Stop@: 2.69 LR: 0.000079 Speed: 0.67 batch/s
Epoch [1/10] Batch [4000/5004] Loss: 4.1803 Acc: 0.2895 Stop@: 2.67 LR: 0.000080 Speed: 0.67 batch/s
Epoch [1/10] Batch [4050/5004] Loss: 4.1633 Acc: 0.2922 Stop@: 2.66 LR: 0.000081 Speed: 0.67 batch/s
Epoch [1/10] Batch [4100/5004] Loss: 4.1470 Acc: 0.2947 Stop@: 2.65 LR: 0.000082 Speed: 0.67 batch/s/home/derek_austin/dinov3/.venv/lib/python3.12/site-packages/PIL/TiffImagePlugin.py:949: UserWarning: Truncated File Read
  warnings.warn(str(msg))

Epoch [1/10] Batch [4150/5004] Loss: 4.1312 Acc: 0.2971 Stop@: 2.63 LR: 0.000083 Speed: 0.67 batch/s
Epoch [1/10] Batch [4200/5004] Loss: 4.1161 Acc: 0.2997 Stop@: 2.62 LR: 0.000084 Speed: 0.67 batch/s
Epoch [1/10] Batch [4250/5004] Loss: 4.1005 Acc: 0.3020 Stop@: 2.61 LR: 0.000085 Speed: 0.67 batch/s
Epoch [1/10] Batch [4300/5004] Loss: 4.0848 Acc: 0.3043 Stop@: 2.60 LR: 0.000086 Speed: 0.67 batch/s
Epoch [1/10] Batch [4350/5004] Loss: 4.0699 Acc: 0.3069 Stop@: 2.59 LR: 0.000087 Speed: 0.67 batch/s
Epoch [1/10] Batch [4400/5004] Loss: 4.0555 Acc: 0.3092 Stop@: 2.57 LR: 0.000088 Speed: 0.67 batch/s
Epoch [1/10] Batch [4450/5004] Loss: 4.0406 Acc: 0.3115 Stop@: 2.56 LR: 0.000089 Speed: 0.67 batch/s
Epoch [1/10] Batch [4500/5004] Loss: 4.0265 Acc: 0.3136 Stop@: 2.55 LR: 0.000090 Speed: 0.67 batch/s
Epoch [1/10] Batch [4550/5004] Loss: 4.0129 Acc: 0.3155 Stop@: 2.54 LR: 0.000091 Speed: 0.67 batch/s
Epoch [1/10] Batch [4600/5004] Loss: 3.9993 Acc: 0.3176 Stop@: 2.53 LR: 0.000092 Speed: 0.67 batch/s
Epoch [1/10] Batch [4650/5004] Loss: 3.9860 Acc: 0.3195 Stop@: 2.52 LR: 0.000093 Speed: 0.67 batch/s
Epoch [1/10] Batch [4700/5004] Loss: 3.9725 Acc: 0.3217 Stop@: 2.51 LR: 0.000094 Speed: 0.67 batch/s
Epoch [1/10] Batch [4750/5004] Loss: 3.9596 Acc: 0.3236 Stop@: 2.50 LR: 0.000095 Speed: 0.67 batch/s
Epoch [1/10] Batch [4800/5004] Loss: 3.9470 Acc: 0.3254 Stop@: 2.49 LR: 0.000096 Speed: 0.67 batch/s
Epoch [1/10] Batch [4850/5004] Loss: 3.9345 Acc: 0.3275 Stop@: 2.48 LR: 0.000097 Speed: 0.67 batch/s
Epoch [1/10] Batch [4900/5004] Loss: 3.9227 Acc: 0.3292 Stop@: 2.47 LR: 0.000098 Speed: 0.67 batch/s
Epoch [1/10] Batch [4950/5004] Loss: 3.9104 Acc: 0.3312 Stop@: 2.46 LR: 0.000099 Speed: 0.67 batch/s
Epoch [1/10] Batch [5000/5004] Loss: 3.8984 Acc: 0.3329 Stop@: 2.45 LR: 0.000100 Speed: 0.67 batch/s
wandb: WARNING Tried to log to step 1 that is less than the current step 5000. Steps must be monotonically increasing, so this data will be ignored. See https://wandb.me/define-metric to log data out of order.
Traceback (most recent call last):
  File "/home/derek_austin/dinov3/dinov3/trm/train.py", line 586, in <module>
    main()
  File "/home/derek_austin/dinov3/dinov3/trm/train.py", line 559, in main
    val_metrics = validate(model, val_loader, epoch, args, wandb_logger)
                  ^^^^^^^^^^^^^^^^^^^^^^^^^^^^^^^^^^^^^^^^^^^^^^^^^^^^^^
  File "/home/derek_austin/dinov3/.venv/lib/python3.12/site-packages/torch/utils/_contextlib.py", line 120, in decorate_context
    return func(*args, **kwargs)
           ^^^^^^^^^^^^^^^^^^^^^
  File "/home/derek_austin/dinov3/dinov3/trm/train.py", line 313, in validate
    metrics = model.forward_eval(images, labels)
              ^^^^^^^^^^^^^^^^^^^^^^^^^^^^^^^^^^
  File "/home/derek_austin/dinov3/dinov3/trm/model.py", line 328, in forward_eval
    metrics = self.classifier.forward_eval(features, labels)
              ^^^^^^^^^^^^^^^^^^^^^^^^^^^^^^^^^^^^^^^^^^^^^^
  File "/home/derek_austin/dinov3/.venv/lib/python3.12/site-packages/torch/utils/_contextlib.py", line 120, in decorate_context
    return func(*args, **kwargs)
           ^^^^^^^^^^^^^^^^^^^^^
  File "/home/derek_austin/dinov3/dinov3/trm/net.py", line 358, in forward_eval
    (y_latent, z_latent), cls_logits, q_logits = self.deep_recursion(x, y_latent, z_latent)
                                                 ^^^^^^^^^^^^^^^^^^^^^^^^^^^^^^^^^^^^^^^^^^
TypeError: TRM.deep_recursion() missing 2 required positional arguments: 'y_original_embedding' and 'z_original_embedding'
[1;34mwandb[0m: 
[1;34mwandb[0m: 🚀 View run [33mtrm_imagenet[0m at: [34m[0m
